// Jest Snapshot v1, https://goo.gl/fbAQLP

exports[`ProgressBar Should activate specific active tags 1`] = `
<div
  className="sc-htoDjs hqjyJW"
>
  <p
    className="sc-htpNat hKYTRr"
  >
    Teste
  </p>
  <div
    className="sc-dnqmqq iYbmIC"
  >
    <span
      className="sc-iwsKbI knSyvG"
    />
    <span
      className="sc-iwsKbI knSyvG"
    />
    <span
      className="sc-iwsKbI knSyvG"
    />
    <span
      className="sc-iwsKbI knSyvG"
    />
    <span
      className="sc-iwsKbI knSyvG"
    />
  </div>
</div>
`;

exports[`ProgressBar Should render the component 1`] = `
<div
  className="sc-htoDjs hqjyJW"
>
  <p
    className="sc-htpNat hKYTRr"
  >
    Teste
  </p>
  <div
    className="sc-dnqmqq iYbmIC"
  >
    <span
      className="sc-iwsKbI knSyvG"
    />
    <span
      className="sc-iwsKbI knSyvG"
    />
    <span
      className="sc-iwsKbI knSyvG"
    />
    <span
      className="sc-iwsKbI knSyvG"
    />
    <span
      className="sc-iwsKbI knSyvG"
    />
  </div>
</div>
`;
