// Jest Snapshot v1, https://goo.gl/fbAQLP

exports[`ProgressBar Should activate specific active tags 1`] = `
<div
  className="sc-htpNat hLMOoA"
>
  <p
    className="sc-bdVaJa dFpKdA"
  >
    Teste
  </p>
  <div
    className="sc-bwzfXH kMbYhd"
  >
    <span
      className="sc-bxivhb YiSdU"
    />
    <span
      className="sc-bxivhb YiSdU"
    />
    <span
      className="sc-bxivhb YiSdU"
    />
    <span
      className="sc-bxivhb YiSdU"
    />
    <span
      className="sc-bxivhb YiSdU"
    />
  </div>
</div>
`;

exports[`ProgressBar Should render the component 1`] = `
<div
  className="sc-htpNat hLMOoA"
>
  <p
    className="sc-bdVaJa dFpKdA"
  >
    Teste
  </p>
  <div
    className="sc-bwzfXH kMbYhd"
  >
    <span
      className="sc-bxivhb YiSdU"
    />
    <span
      className="sc-bxivhb YiSdU"
    />
    <span
      className="sc-bxivhb YiSdU"
    />
    <span
      className="sc-bxivhb YiSdU"
    />
    <span
      className="sc-bxivhb YiSdU"
    />
  </div>
</div>
`;
